// Jest Snapshot v1, https://goo.gl/fbAQLP

exports[`highlights existing value 1`] = `
<div>
  <span
    class="sr-only"
  >
    bar foo bar
  </span>
  <span
    aria-hidden="true"
  >
    <mark>
      bar
    </mark>
     foo bar
  </span>
</div>
`;

exports[`highlights the first prefix 1`] = `
<div>
  <span
    class="sr-only"
  >
    bar foo bar
  </span>
  <span
    aria-hidden="true"
  >
    <mark>
      bar
    </mark>
     foo bar
  </span>
</div>
`;

exports[`inverses the highlight 1`] = `
<div>
  <span
    class="sr-only"
  >
    bar foo bar
  </span>
  <span
    aria-hidden="true"
  >
    bar
    <mark>
       foo bar
    </mark>
  </span>
</div>
`;
